// Jest Snapshot v1, https://goo.gl/fbAQLP

exports[`Overview Snapshot projectId 1`] = `
<index>
  <AuthView>
    <LoadingPage>
      <Styled(MuiBox)
        alignItems="center"
        display="flex"
        height="100vh"
        justifyContent="center"
        width="100vw"
      >
        <div
          className="MuiBox-root MuiBox-root-1"
        >
          <WithStyles(ForwardRef(CircularProgress))
            color="primary"
            size="7em"
          >
            <ForwardRef(CircularProgress)
              classes={
                Object {
                  "circle": "MuiCircularProgress-circle",
                  "circleDeterminate": "MuiCircularProgress-circleDeterminate",
                  "circleDisableShrink": "MuiCircularProgress-circleDisableShrink",
                  "circleIndeterminate": "MuiCircularProgress-circleIndeterminate",
                  "circleStatic": "MuiCircularProgress-circleStatic",
                  "colorPrimary": "MuiCircularProgress-colorPrimary",
                  "colorSecondary": "MuiCircularProgress-colorSecondary",
                  "determinate": "MuiCircularProgress-determinate",
                  "indeterminate": "MuiCircularProgress-indeterminate",
                  "root": "MuiCircularProgress-root",
                  "static": "MuiCircularProgress-static",
                  "svg": "MuiCircularProgress-svg",
                }
              }
              color="primary"
              size="7em"
            >
              <div
                className="MuiCircularProgress-root MuiCircularProgress-colorPrimary MuiCircularProgress-indeterminate"
                role="progressbar"
                style={
                  Object {
                    "height": "7em",
                    "width": "7em",
                  }
                }
              >
                <svg
                  className="MuiCircularProgress-svg"
                  viewBox="22 22 44 44"
                >
                  <circle
                    className="MuiCircularProgress-circle MuiCircularProgress-circleIndeterminate"
                    cx={44}
                    cy={44}
                    fill="none"
                    r={20.2}
                    strokeWidth={3.6}
                    style={Object {}}
                  />
                </svg>
              </div>
            </ForwardRef(CircularProgress)>
          </WithStyles(ForwardRef(CircularProgress))>
        </div>
      </Styled(MuiBox)>
    </LoadingPage>
  </AuthView>
</index>
`;
