// Jest Snapshot v1, https://goo.gl/fbAQLP

exports[`login Render Login 1`] = `
<Styled(MuiBox)
  alignItems="center"
  className="makeStyles-backgroundGradient-1"
  display="flex"
  height="100vh"
  justifyContent="center"
  width="100vw"
>
  <Styled(MuiBox)
    alignItems="center"
    borderRadius={16}
    boxShadow={20}
    className="makeStyles-card-2"
    display="flex"
    flexDirection="column"
    height="60vh"
    justifyContent="center"
    minHeight="400px"
    minWidth="250px"
    padding="25px"
    width="20vw"
  >
    <Image
      alt="The Gitlab Logo"
      height={100}
      src="/gitlab.svg"
      width={100}
    />
    <WithStyles(ForwardRef(Typography))
      align="center"
      variant="h6"
    >
      GitLab
      <br />
      Analyzer
    </WithStyles(ForwardRef(Typography))>
    <WithStyles(ForwardRef(TextField))
      fullWidth={true}
      placeholder="Username"
      variant="filled"
    />
    <WithStyles(ForwardRef(TextField))
      fullWidth={true}
      placeholder="Password"
      variant="filled"
    />
    <WithStyles(ForwardRef(TextField))
      fullWidth={true}
      placeholder="GitLab Token"
      variant="filled"
    />
    <WithStyles(ForwardRef(Button))
      color="primary"
      disableElevation={true}
      variant="contained"
    >
      Login
    </WithStyles(ForwardRef(Button))>
  </Styled(MuiBox)>
</Styled(MuiBox)>
`;
