// Jest Snapshot v1, https://goo.gl/fbAQLP

exports[`Code Analysis Snapshot serverId 1`] = `
<div>
  <div
    class="makeStyles-outerContainer-3"
  >
    <div
      class="makeStyles-container1-1"
    >
      <div
        class="makeStyles-container2-2"
      >
        <div
          class="MuiAvatar-root MuiAvatar-square makeStyles-avatarSize-12 MuiAvatar-colorDefault"
        >
          R
        </div>
        <div
          class="makeStyles-textContainer1-4"
        >
          <h1
            class="makeStyles-repoNameText-6"
          >
            loading...
          </h1>
          <p
            class="makeStyles-smallTextColor-7"
          >
            - 
            loading...
             Commits - 
            loading...
             Merge Request -
          </p>
        </div>
      </div>
      <div
        class="makeStyles-textContainer2-5"
      >
        <p
          class="makeStyles-mrScoreText-8"
        >
          Merge Request Score: 
          loading...
        </p>
        <p
          class="makeStyles-commitScoreText-9"
        >
          Commit Score: 
          loading...
        </p>
      </div>
    </div>
    <div
      class="makeStyles-container3-10"
    >
      <div
        class="makeStyles-graphContainer-11"
      >
        <p>
           (graph placeholder)            
        </p>
      </div>
      <div
        class="MuiFormGroup-root"
      >
        <label
          class="MuiFormControlLabel-root"
        >
          <span
            aria-disabled="false"
            class="MuiButtonBase-root MuiIconButton-root PrivateSwitchBase-root-15 MuiCheckbox-root Component-root-13 PrivateSwitchBase-checked-16 Mui-checked Component-checked-14"
          >
            <span
              class="MuiIconButton-label"
            >
              <input
                checked=""
                class="PrivateSwitchBase-input-18"
                data-indeterminate="false"
                name="checkedCommitForGraphA"
                type="checkbox"
                value=""
              />
              <svg
                aria-hidden="true"
                class="MuiSvgIcon-root"
                focusable="false"
                viewBox="0 0 24 24"
              >
                <path
                  d="M19 3H5c-1.11 0-2 .9-2 2v14c0 1.1.89 2 2 2h14c1.11 0 2-.9 2-2V5c0-1.1-.89-2-2-2zm-9 14l-5-5 1.41-1.41L10 14.17l7.59-7.59L19 8l-9 9z"
                />
              </svg>
            </span>
            <span
              class="MuiTouchRipple-root"
            />
          </span>
          <span
            class="MuiTypography-root MuiFormControlLabel-label MuiTypography-body1"
          >
            Commits
          </span>
        </label>
        <label
          class="MuiFormControlLabel-root"
        >
          <span
            aria-disabled="false"
            class="MuiButtonBase-root MuiIconButton-root PrivateSwitchBase-root-15 MuiCheckbox-root Component-root-19 PrivateSwitchBase-checked-16 Mui-checked Component-checked-20"
          >
            <span
              class="MuiIconButton-label"
            >
              <input
                checked=""
                class="PrivateSwitchBase-input-18"
                data-indeterminate="false"
                name="checkedMergeRequestForGraphA"
                type="checkbox"
                value=""
              />
              <svg
                aria-hidden="true"
                class="MuiSvgIcon-root"
                focusable="false"
                viewBox="0 0 24 24"
              >
                <path
                  d="M19 3H5c-1.11 0-2 .9-2 2v14c0 1.1.89 2 2 2h14c1.11 0 2-.9 2-2V5c0-1.1-.89-2-2-2zm-9 14l-5-5 1.41-1.41L10 14.17l7.59-7.59L19 8l-9 9z"
                />
              </svg>
            </span>
            <span
              class="MuiTouchRipple-root"
            />
          </span>
          <span
            class="MuiTypography-root MuiFormControlLabel-label MuiTypography-body1"
          >
            Merge Requests
          </span>
        </label>
      </div>
    </div>
    <div
      class="makeStyles-container3-10"
    >
      <div
        class="makeStyles-graphContainer-11"
      >
        <p>
           (graph placeholder)            
        </p>
      </div>
      <div
        class="MuiFormGroup-root"
      >
        <label
          class="MuiFormControlLabel-root"
        >
          <span
            aria-disabled="false"
            class="MuiButtonBase-root MuiIconButton-root PrivateSwitchBase-root-15 MuiCheckbox-root Component-root-13 PrivateSwitchBase-checked-16 Mui-checked Component-checked-14"
          >
            <span
              class="MuiIconButton-label"
            >
              <input
                checked=""
                class="PrivateSwitchBase-input-18"
                data-indeterminate="false"
                name="checkedCommitForGraphB"
                type="checkbox"
                value=""
              />
              <svg
                aria-hidden="true"
                class="MuiSvgIcon-root"
                focusable="false"
                viewBox="0 0 24 24"
              >
                <path
                  d="M19 3H5c-1.11 0-2 .9-2 2v14c0 1.1.89 2 2 2h14c1.11 0 2-.9 2-2V5c0-1.1-.89-2-2-2zm-9 14l-5-5 1.41-1.41L10 14.17l7.59-7.59L19 8l-9 9z"
                />
              </svg>
            </span>
            <span
              class="MuiTouchRipple-root"
            />
          </span>
          <span
            class="MuiTypography-root MuiFormControlLabel-label MuiTypography-body1"
          >
            Commits
          </span>
        </label>
        <label
          class="MuiFormControlLabel-root"
        >
          <span
            aria-disabled="false"
            class="MuiButtonBase-root MuiIconButton-root PrivateSwitchBase-root-15 MuiCheckbox-root Component-root-19 PrivateSwitchBase-checked-16 Mui-checked Component-checked-20"
          >
            <span
              class="MuiIconButton-label"
            >
              <input
                checked=""
                class="PrivateSwitchBase-input-18"
                data-indeterminate="false"
                name="checkedMergeRequestForGraphB"
                type="checkbox"
                value=""
              />
              <svg
                aria-hidden="true"
                class="MuiSvgIcon-root"
                focusable="false"
                viewBox="0 0 24 24"
              >
                <path
                  d="M19 3H5c-1.11 0-2 .9-2 2v14c0 1.1.89 2 2 2h14c1.11 0 2-.9 2-2V5c0-1.1-.89-2-2-2zm-9 14l-5-5 1.41-1.41L10 14.17l7.59-7.59L19 8l-9 9z"
                />
              </svg>
            </span>
            <span
              class="MuiTouchRipple-root"
            />
          </span>
          <span
            class="MuiTypography-root MuiFormControlLabel-label MuiTypography-body1"
          >
            Merge Requests
          </span>
        </label>
      </div>
    </div>
  </div>
</div>
`;
